Copyright 1986-2022 Xilinx, Inc. All Rights Reserved. Copyright 2022-2025 Advanced Micro Devices, Inc. All Rights Reserved.
---------------------------------------------------------------------------------------------------------------------------------------------
| Tool Version : Vivado v.2025.2 (lin64) Build 6299465 Fri Nov 14 12:34:56 MST 2025
| Date         : Sat Jun 20 23:45:08 2026
| Host         : g7-station running 64-bit CachyOS
| Command      : report_control_sets -verbose -file top_basys3_control_sets_placed.rpt
| Design       : top_basys3
| Device       : xc7a35t
---------------------------------------------------------------------------------------------------------------------------------------------

Control Set Information

Table of Contents
-----------------
1. Summary
2. Histogram
3. Flip-Flop Distribution
4. Detailed Control Set Information

1. Summary
----------

+----------------------------------------------------------+-------+
|                          Status                          | Count |
+----------------------------------------------------------+-------+
| Total control sets                                       |    15 |
|    Minimum number of control sets                        |    15 |
|    Addition due to synthesis replication                 |     0 |
|    Addition due to physical synthesis replication        |     0 |
| Unused register locations in slices containing registers |    53 |
+----------------------------------------------------------+-------+
* Control sets can be merged at opt_design using control_set_merge or merge_equivalent_drivers
** Run report_qor_suggestions for automated merging and remapping suggestions


2. Histogram
------------

+--------------------+-------+
|       Fanout       | Count |
+--------------------+-------+
| Total control sets |    15 |
| >= 0 to < 4        |     0 |
| >= 4 to < 6        |     2 |
| >= 6 to < 8        |     0 |
| >= 8 to < 10       |     0 |
| >= 10 to < 12      |     3 |
| >= 12 to < 14      |     3 |
| >= 14 to < 16      |     1 |
| >= 16              |     6 |
+--------------------+-------+
* Control sets can be remapped at either synth_design or opt_design


3. Flip-Flop Distribution
-------------------------

+--------------+-----------------------+------------------------+-----------------+--------------+
| Clock Enable | Synchronous Set/Reset | Asynchronous Set/Reset | Total Registers | Total Slices |
+--------------+-----------------------+------------------------+-----------------+--------------+
| No           | No                    | No                     |              73 |           47 |
| No           | No                    | Yes                    |             320 |           70 |
| No           | Yes                   | No                     |               0 |            0 |
| Yes          | No                    | No                     |               0 |            0 |
| Yes          | No                    | Yes                    |             274 |           96 |
| Yes          | Yes                   | No                     |               0 |            0 |
+--------------+-----------------------+------------------------+-----------------+--------------+


4. Detailed Control Set Information
-----------------------------------

+----------------+----------------------------------------------------+-----------------------------------+------------------+----------------+--------------+
|  Clock Signal  |                    Enable Signal                   |          Set/Reset Signal         | Slice Load Count | Bel Load Count | Bels / Slice |
+----------------+----------------------------------------------------+-----------------------------------+------------------+----------------+--------------+
|  clk_IBUF_BUFG | u_buzz/note_idx[3]_i_1_n_0                         | u_buzz/rstn                       |                1 |              4 |         4.00 |
|  clk_IBUF_BUFG | u_anim/fade_step[3]_i_1_n_0                        | u_buzz/rstn                       |                2 |              4 |         2.00 |
|  clk_IBUF_BUFG | u_buzz/dur_timer[9]_i_1_n_0                        | u_buzz/rstn                       |                2 |             10 |         5.00 |
|  clk_IBUF_BUFG | system_state/E[0]                                  | u_buzz/rstn                       |                6 |             10 |         1.67 |
|  clk_IBUF_BUFG | system_state/FSM_sequential_disp_phase_reg[0]_0[0] | u_buzz/rstn                       |                4 |             11 |         2.75 |
|  clk_IBUF_BUFG | system_state/FSM_sequential_state_reg[0]_12[0]     | u_buzz/rstn                       |                6 |             13 |         2.17 |
|  clk_IBUF_BUFG | system_state/counter[0]                            | system_state/debounced_output_reg |                4 |             13 |         3.25 |
|  clk_IBUF_BUFG | u_anim/cd_counter[12]_i_1_n_0                      | u_buzz/rstn                       |                6 |             13 |         2.17 |
|  clk_IBUF_BUFG | system_state/FSM_sequential_state_reg[2]_0         | system_state/debounced_output_reg |                4 |             14 |         3.50 |
|  clk_IBUF_BUFG | system_state/debounced_output_reg_0[0]             | u_buzz/rstn                       |                6 |             16 |         2.67 |
|  clk_IBUF_BUFG | u_buzz/freq_cnt[18]_i_1_n_0                        | u_buzz/rstn                       |                6 |             19 |         3.17 |
|  clk_IBUF_BUFG | rstn_IBUF                                          | u_buzz/rstn                       |               19 |             27 |         1.42 |
|  clk_IBUF_BUFG |                                                    |                                   |               47 |             73 |         1.55 |
|  clk_IBUF_BUFG | system_state/FSM_sequential_state_reg[2]_10[0]     | u_buzz/rstn                       |               30 |            120 |         4.00 |
|  clk_IBUF_BUFG |                                                    | u_buzz/rstn                       |               70 |            320 |         4.57 |
+----------------+----------------------------------------------------+-----------------------------------+------------------+----------------+--------------+


